// Jest Snapshot v1, https://goo.gl/fbAQLP

exports[`matches snapshot 1`] = `
<DocumentFragment>
  <div
    class="BoxList"
  >
    <form>
      <h1>
        Create New Box
      </h1>
      <label
        for="color"
      >
        Color:
      </label>
      <input
        id="color"
        name="color"
        placeholder="color"
        value=""
      />
      <br />
      <label
        for="width"
      >
        Width:
      </label>
      <input
        id="width"
        name="width"
        placeholder="pixels"
        value=""
      />
      <br />
      <label
        for="height"
      >
        Height:
      </label>
      <input
        id="height"
        name="height"
        placeholder="pixels"
        value=""
      />
      <br />
      <button>
        Create Box
      </button>
    </form>
  </div>
</DocumentFragment>
`;
